== cmd: G2_SPEC_PATH=<v8 draft> node tools/smoke.mjs（含 v1.3 扩展面） ==
[smoke] 静态服务 http://127.0.0.1:63802/
[smoke] viewport=390x844 throttle=4x（spec numeric.perf.j1.device）
[smoke] 浏览器可开：页面加载完成
[smoke] 游戏就绪 __G2_READY=true
[smoke] 盘面 64 格满员
[smoke] 手1（首消+提示）: score 0 → 160（chain 1） J1=191.10000002384186ms
[smoke] 手2（连击路径）: score 160 → 240（chain 2） J1=177.29999995231628ms
[smoke] 消除粒子上屏 ✓（drawn=8 · 存活帧命中 8/8 · 消亡后复采 0）
[smoke] J1 实测 176.19999992847443ms / 预算 400ms（达标）
[smoke] J1 证据 → tests/contract/.j1-evidence.json
[smoke] 重开全复位 ✓（score=0 status=playing）
[smoke] level-2 入口可达 ✓（HUD 目标「升温局 · 20 手内打出 3 连击」= spec goal 现读）
[smoke] level-2 手1（可玩性）: score 0 → 160（chain 1） J1=172.60000002384186ms
[smoke] level-1/level-2 切换回路 ✓
[smoke] SW 注册受理 ✓ scope=http://127.0.0.1:63802/
[smoke] PWA Service Worker 激活 ✓（registrations=1）
[smoke] manifest 可达 ✓
[smoke] 控制台零错误 ✓
SMOKE: PASS 浏览器可开 + 核心循环可玩 + PWA 就绪（J1 证据已落档）
EXIT_SMOKE=0
