{
  "test": "smoke/full-match",
  "seed": 42,
  "ticks": 5904,
  "score": {
    "red": 5,
    "blue": 2
  },
  "goals_total": 7,
  "duration_s": 90,
  "fps_min": 88671.09,
  "frame_time_p95_ms": 0.0021,
  "shots": 13,
  "touches": 3894,
  "errors": [],
  "failures": 0,
  "results": [
    {
      "name": "S1 全程零报错（errors=0）",
      "pass": true,
      "detail": null
    },
    {
      "name": "S2 终局阶段 fulltime",
      "pass": true,
      "detail": "fulltime"
    },
    {
      "name": "S3 计时走满 90s",
      "pass": true,
      "detail": "90"
    },
    {
      "name": "S4 总进球落在门禁区间 [1,12]（bot_sim.goal_range）",
      "pass": true,
      "detail": "red 5 : blue 2"
    },
    {
      "name": "S5 duration_s 落在 [80,100]（bot_sim.duration_in_range_s）",
      "pass": true,
      "detail": "90"
    },
    {
      "name": "S6 frame_time_p95_ms ≤ 18",
      "pass": true,
      "detail": "0.0021ms"
    },
    {
      "name": "S7 fps_min ≥ 58",
      "pass": true,
      "detail": "88671.1fps"
    },
    {
      "name": "S8 有射门发生（shots > 0）",
      "pass": true,
      "detail": "13"
    },
    {
      "name": "S9 有触球发生（touches > 0）",
      "pass": true,
      "detail": "3894"
    }
  ]
}
