# 文件名: 04-rejected-ffc94a.log
# 日期: 2026-10-01 (UTC+8)
# 命令: node tools/palette-gate.mjs matrix --palette /tmp/palette-rejected-ffc94a.json --threshold 25 --pairs 21
#        （唯一差异：block-02 换回弃用值 #FFC94A；另附 node 量化脚本输出）
# 目录: g2-blocks 仓库根
# 输出摘要: 【诚实结论】#FFC94A 在双门禁下不构成红对（ALL-GREEN）——数值门禁只判「可判别性」，
#           不判「语义对不对」；弃用它的依据是美术语义判据 + 可量化缺陷（见下），最终由人工验收复核。

--- 弃用值反证复跑（同门禁、仅换 block-02） ---
PASS block-02|block-07    HSL=3/3 dE=35.95 (dH=55.1 dL=0.155 dS=0.549)
PASS block-06|block-07    HSL=2/3 dE=57.02 (dH=22.5 dL=0.580 dS=0.112)
# 结果: ALL-GREEN 红对数=0/21 minΔE=26.555 阈值=25 margin=1.555 selftest=18/18
弃用值 #FFC94A 量化: L*=83.7 H=42.1 S=1.000 L(hsl)=0.645 RGB=255,201,74
终值   #C89C19 量化: L*=66.6 H=44.9 S=0.778 L(hsl)=0.441 RGB=200,156,25

--- 弃用的三条依据（可量化，非门禁判据） ---
1. 饱和顶格且通道裁切：S=1.000、RGB=(255,201,74)，R 通道顶到 255 无余量 → 板面荧光感（终值 S=0.78 无裁切）。
2. 明度失衡：L*=83.7 为全板最亮（次亮 block-07 L*=78.0），视觉权重压过其它六色，且与「余烬」暗烧语义相反（终值 L*=66.6）。
3. 语义读错：H=42.1° 本身可作金带，但 42°+S1.00+L0.65 的组合读作柠檬/香蕉黄，不是「烧过的金」（终值 44.9°/S0.78/L0.44 读作余烬金）。

--- 门禁角色声明（红线对齐） ---
数值双门禁（HSL 三选二 + ΔE00≥阈值）是「可判别性地板」，不是「好不好看/语义对不对」的裁判；
语义裁决归美术提案 + 主人人工验收（机器不替人判断）。
