# web 主线复跑 Mode B（链 v7 封版件）@ 1e3eff4ce62ec64ad23734484d15671c1f18ac4d（分支 main）
# 命令：G2_SPEC_PATH=<v1.5-freeze-draft> node scripts/contract-check.mjs
# g2-blocks contract-check · spec v7 (draft) anchor=…
PEND ac-30-freeze-dod-gates :: 显式挂起（calibration（门槛数值待封版后真实数据校准；当前无数据源，断言面不可执行——PEND 通道显式挂起））——不入断言面，计数单列，approve/回流后随修订转正式契约件
PEND ac-31-nearmiss-feedback :: 显式挂起（implementation（候选池 1 实现归 v1.3 实现轮；本版只折设计承诺与提案数值））——不入断言面，计数单列，approve/回流后随修订转正式契约件
PEND ac-32-settlement-ia :: 显式挂起（implementation（候选池 2 实现归 v1.3 实现轮；本版只折设计承诺与提案数值））——不入断言面，计数单列，approve/回流后随修订转正式契约件
PASS  ac-01-board-init-seeded :: seed=20261001 64 格满员 · 类型 0..6 · 双局逐字节一致
PASS  ac-02-spawn-uniform-random :: uniform_random 等概率（worst 偏差 1.52%）· seededRng 复现 · 内核纯净
PASS  ac-03-swap-adjacency-only :: ≤4 向相邻判定正确 · 非相邻交换零副作用（不耗手数/不结算）
PASS  ac-04-match-3plus :: 横/纵/四连全消 · L/T 交点去重（5 格）· 两连不消
PASS  ac-05-gravity-refill-cascade :: 重力+补手+结算至稳态（cleared=12）· 终盘零残留 · 满员
PASS  ac-06-combo-four-move-vector :: 四手向量 消/消/不消/消 → +0/+50/归0/+0 逐字命中
PASS  ac-07-deadlock-cool :: 三色防换死盘/活盘判定正确 · 全穷举 224 探针 · 双判真实时点机判（判点一含空洞盘 filled=61/64，判点二满员）
PASS  ac-08-settlement-order :: 单手真实流水 = swap → match → score → gravity → deadlock-check → refill → match → deadlock-check（判点一含空洞盘 filled=61/64，双判收尾）
PASS  ac-09-restart-full-reset :: 五元全复位 · seed 链重新起算 · 同手确定性复现
PASS  ac-10-perf-j1 :: J1=173.19999998807907ms ≤ budgetMs=400 @ 4x throttle 390x844（标记名逐字一致）
PASS  ac-11-theme-single-source :: 7 色键值逐字等于 spec 冻结块 · UI token 已接 · 全仓 hex+rgb/rgba 三元组逐一溯源 theme 单源（18 色）
PASS  ac-12-palette-double-gate :: 21 对双门禁 ALL-GREEN（阈值 25 = spec 冻结值）
PASS  ac-13-no-external-texture :: src/ + build/ + 入口零 image 加载构造 · 仓库零位图文件（纯几何渲染）
PASS  ac-14-deterministic-kernel :: mulberry32 确定性（seed=20261001）· 双 sim 逐字节一致 · 内核零 Math.random/Date.now
PASS  ac-15-audio-feedback :: 消除音效与反馈同帧同步发起（chain=1）· 音频缺失零阻塞
PASS  ac-16-persistence-minimal :: 键级最小集 muted+anonId · 未知键拒绝 · 零网络调用构造
PASS  ac-17-repo-one-zero-touch :: 一号仓库零接触自检 PASS（白名单机判，root=run-cmuyupvw30035m93eu5gdynv0）
PASS  ac-18-ci-guard-repo-scope :: 仓库范围守卫 PASS（零一号路径引用，策略单源 ci/scope-policy.json）
PASS  ac-22-feel-land-squash :: landSquash 唯一真源 · 实现表逐值全等 · frames≡换算恒等 · 落定帧触发/frames 帧复位（注入帧断言）· 锚 1720df8ec6ac…（v4 draft）
PASS  ac-23-feel-hard-drop-shake :: hardDrop 唯一真源 · 实现表逐值全等 · 阈值触发机判 · 曲线采样 5 点复现（≤1e-9）· frames 帧归零（v4 draft）
PASS  ac-24-feel-clear-particles :: particles 唯一真源 · 实现表逐值全等 · 期望派生机判 · 硬顶/drop-new/零超分配压力机判 · 寿命回收复用（v4 draft）
PASS  ac-25-feel-sfx-three-tier :: 三档边界唯一真源 · 三组独立资源+变参字段（theme 单源）· 门面档位映射机判 · 同帧发起/当帧消费（注入帧断言）· 静音缺位零阻塞（v4 draft）
PASS  ac-26-feel-combo-feedback :: combo 三档唯一真源 · 与 sfx 同边界 · UI token 映射单源 · 切换帧/保持/回落机判（注入帧断言）· 视觉态查表驱动（v4 draft）
PASS  ac-27-feel-restart-one-click :: restart 唯一真源 · 两层口径声明在段 · 同源同路径静态机判（键盘 R+按钮单一定义）· 注入时钟全复位 ≤ budget · 转场窗口逐帧断言（v4 draft）
PASS  ac-28-daily-hook-min-loop :: daily 种子纯函数（同日恒定/跨日必变/uint32）· 跨本地零点重置（steppedClock）· v1 存档向后兼容 fixture · streak 连续/断档/跨窗口三口径机判 · 入口完成态可查询 · 范围外零实体（v4 draft）
PASS  ac-29-analytics-nine-events :: 9 事件双向全等（spec 表=代码镜像）· web 面 8 事件 call site 齐（main.ts 纯新增接线）· share_clicked=wx/dy 原生路由 · 锚点 once ✓
—— 合计 26 PASS / 0 FAIL / 3 PEND（显式挂起） ——
CONTRACT: PASS 契约全绿（实现与 spec v7 draft 一致 · 本轮仅承诺与装载件一致，approved 资质以平台链为准 · PEND 3 条显式挂起）
EXIT=0
