# web 主线复跑 smoke @ 1e3eff4ce62ec64ad23734484d15671c1f18ac4d（分支 main）
# 命令：G2_SPEC_PATH=<v1.1 approved> node tools/smoke.mjs
[smoke] 静态服务 http://127.0.0.1:63750/
[smoke] viewport=390x844 throttle=4x（spec numeric.perf.j1.device）
[smoke] 浏览器可开：页面加载完成
[smoke] 游戏就绪 __G2_READY=true
[smoke] 盘面 64 格满员
[smoke] 手1（首消+提示）: score 0 → 160（chain 1） J1=187.4000000357628ms
[smoke] 手2（连击路径）: score 160 → 240（chain 2） J1=179.20000004768372ms
[smoke] 消除粒子上屏 ✓（drawn=8 · 存活帧命中 8/8 · 消亡后复采 0）
[smoke] J1 实测 175.39999997615814ms / 预算 400ms（达标）
[smoke] J1 证据 → tests/contract/.j1-evidence.json
[smoke] 重开全复位 ✓（score=0 status=playing）
[smoke] level-2 入口可达 ✓（HUD 目标「升温局 · 20 手内打出 3 连击」= spec goal 现读）
[smoke] level-2 手1（可玩性）: score 0 → 160（chain 1） J1=171.89999997615814ms
[smoke] level-1/level-2 切换回路 ✓
[smoke] SW 注册受理 ✓ scope=http://127.0.0.1:63750/
[smoke] PWA Service Worker 激活 ✓（registrations=1）
[smoke] manifest 可达 ✓
[smoke] 控制台零错误 ✓
SMOKE: PASS 浏览器可开 + 核心循环可玩 + PWA 就绪（J1 证据已落档）
EXIT=0
