# 02 P-01 修订 diff（templates/next-line-scaffold，相对 HEAD 845d9ba）
diff --git a/templates/next-line-scaffold/README.md b/templates/next-line-scaffold/README.md
index 1d6f793..1521f39 100644
--- a/templates/next-line-scaffold/README.md
+++ b/templates/next-line-scaffold/README.md
@@ -8,7 +8,7 @@
 | 套 | 产出 | 责任线 | 状态 |
 |---|---|---|---|
 | ① 程序脚手架空壳 | `src/platform/index.ts`（平台门面：接口 + noop 降级）· `src/kernel/loop.ts`（确定性内核骨架：mulberry32 + fixed-step）· `tests/contract/ac-template.spec.mjs`（契约模板）· `tools/smoke.mjs`（空壳冒烟） | 游戏程序 | **SCAFFOLD-SMOKE: PASS（4/4）**（node tools/smoke.mjs 可复跑，零 npm 依赖） |
-| ② 美术模板 | `art/style-card-template.md`（风格卡四要素：色板/字体/形状语言/动效 + 一致性门禁）· `art/visual-feedback-channel-spec-template.md`（视觉反馈通道规格：五要素 + 示例行） | 美术 | 模板就绪（填写时机 = 新线风格定稿，简报落账+选型后） |
+| ② 美术模板 | `art/style-card-template.md`（风格卡四要素：**调色板/光照/线条/比例**〔美术线规范口径，N3 亲审对齐〕+ 扩展项 字体/动效 + 一致性门禁）· `art/visual-feedback-channel-spec-template.md`（视觉反馈通道规格：五要素 + 示例行） | 美术 | 模板就绪 · **N3 亲审 PASS（2026-10-10：风格卡四要素对齐修订 P-01，反馈通道规格只检零改动）**（填写时机 = 新线风格定稿，简报落账+选型后） |
 | ③ 策划模板 | `design/fun-verdict-template.md`（好玩判据四件套句式 + check 指向可跑测试文件 + 措辞规范） | 游戏策划 | 模板就绪（填写时机 = 每批人工验收备料） |
 
 ## 纪律锚点（三套共同守）
diff --git a/templates/next-line-scaffold/art/style-card-template.md b/templates/next-line-scaffold/art/style-card-template.md
index d8f8426..a009ba5 100644
--- a/templates/next-line-scaffold/art/style-card-template.md
+++ b/templates/next-line-scaffold/art/style-card-template.md
@@ -2,32 +2,49 @@
 
 > 用法：第二产品线风格定稿时复制本模板逐项填写；**每项必须给「值 + 一句理由 + 反例（禁什么）」**。
 > 纪律：风格卡 = 主观取向的固化容器，锁「视觉一致性」，不锁「好不好看」（观感终裁归主人人工验收）。
+> **四要素 = 美术线规范口径「调色板 / 光照 / 线条 / 比例」**（机审四要素判例：stack-tower C 轮 art-audit；
+> 派生而非重编：新线全资产只从本卡派生，禁止逐图另编形容词）。
+> 修订：2026-10-10 美术线 N3 亲审——四要素由初版「色板/字体/形状语言/动效」对齐为规范口径，原字体/动效降为扩展项 §5/§6（判例零删）。
 > 填写后落点：`games/<new-line>/assets/style/style-card-v1.md` + 对应色板 JSON（生成器输入单源）。
 
 ## 四要素
 
-### 1. 色板（Palette）
+### 1. 调色板（Palette）
 - 值：主色 `#______` · 强调色 `#______` · 冷/暖反馈双色 `#______ / #______` · 底色 `#______`（合计 ≤9 token，九键判例承自 g2-blocks UI token）
 - 理由：______（对齐品类情绪，如割草=高对比暖强调）
-- 禁：超出色板的新 hex 直接入码（必须走色板 JSON 单源 + 双门禁 ΔE 阈值，判例 ac-12）
+- 禁：超出色板的新 hex 直接入码（必须走色板 JSON 单源 + 双门禁 ΔE 阈值，判例 g2-blocks ac-11/ac-12）；弃值只靠门禁否决（数值门禁不红≠可入板，弃值须留语义否决记录，判例 #FFC94A 三条否决）
 
-### 2. 字体（Type）
+### 2. 光照（Lighting）
+- 值：全局光照______（方向/类型，如「单顶光 + 底部冷反弹」）· 命中反馈光______（形态 + 衰减口径，如 brightness-pulse / additive 径向衰减）· 氛围层______（背景渐变停靠点数 / scrim 遮罩 α 值）
+- 理由：______（光照语义必须服务状态可读：熄灭态=死物、命中态=最活帧，判例 stack-tower perfect 三锚同帧）
+- 禁：无光源逻辑的装饰光效；反馈光无衰减、无频控常亮（判例：near-miss 边行高亮「不常亮」为 spec 硬条款，ac-32 机判）
+
+### 3. 线条（Line / Stroke）
+- 值：描边（有/无 · 宽度 __ · α __）· 高光条（有/无 · 带高比 __ · α __）· 实体剪影原则：______（同屏任意两实体剪影一眼可分类）
+- 理由：______（线条是零贴图线的形状语言承载体；判例 g2-blocks 内描边 α0.35 + 顶部高光条 α0.18 显式化 token，零贴图 textureSampling=none 同红线）
+- 禁：隐性 rgba/rgb 字面量散落代码——α 值必须显式入 token 走单源（判例 g2-blocks R3-F3 打回：7 处 rgba 清零、唯一 rgba 入口 = withAlpha()）；同批交付物描边/无描边混用
+
+### 4. 比例（Proportion / Layout）
+- 值：圆角半径档位 ___/___/___ · 版式锚点______（分数/HUD 区位，如「分数/连击区置顶」）· 字号基准______（以视口宽/高为基的比值）· 触达面 ≥__px（判例 ac-32 ≥48px）· 安全区口径______（maskable 内容 80% / 竖屏刘海-手势条-侧边距）
+- 理由：______（比例错 = 读屏缺陷，且可机判；判例 A-09：typeScale 以整屏高为基 0.3 → 390px 视口巨字压棋盘，已修按宽基 0.036）
+- 禁：跨机型版面写死绝对像素；构图辅助线/参考框出现在交付物（判例 C 轮 N3 覆写③：安全区参考框入成品 = 缺陷）
+
+## 扩展项（四要素之外，需要时填写；不填须写「本轮不适用 + 理由」）
+
+### 5. 字体（Type）
 - 值：正文/数字______（系统栈或单一自托管字重 ≤2 档）· 数字等宽：是/否
 - 理由：______
 - 禁：多字体混排、运行时网络字体拉取（离线可玩红线）
 
-### 3. 形状语言（Shape Language）
-- 值：圆角半径档位 ___/___/___ · 轮廓（描边 有/无 · 宽度 __）· 实体剪影原则：______
-- 理由：______（与玩法读屏相关：实体必须一眼可分类）
-- 禁：同屏剪影混淆对（形状不可辨即读屏缺陷）
-
-### 4. 动效原则（Motion）
+### 6. 动效（Motion）
 - 值：挤压/回弹曲线 token（名称 + ms 档位）· 震屏（开/关 · 幅度档）· 粒子（密度档 + 同屏硬顶 ___）
-- 理由：______（动效服务反馈可读性，非装饰）
+- 理由：______（动效服务反馈可读性，非装饰；反馈通道逐条规格另见 `visual-feedback-channel-spec-template.md`）
 - 禁：无频控的常驻动效；动效数值绕过 numeric 冻结面（一律走 spec 单源，判例 e-feel 组）
 
 ## 一致性门禁（美术产出验收机判面）
 
 - 色板双门禁：全仓 hex 溯源色板单源 + 相似色对 ΔE ≥ 阈值（判例 g2-blocks ac-11/ac-12）
+- 光照/线条纪律：反馈光衰减与频控断言在契约面；描边/高光条 α 值全量显式 token、零 rgba 字面量（判例 R3-F3 扫描器会咬）
 - 动效数值：与 spec numeric 面逐字节一致（生成器产数据文件，零手抄）
+- 比例/安全区：交付物逐件 IHDR 尺寸机判 + maskable/竖屏安全区像素级机判（判例 C 轮 N3：screenshot-03 bbox ⊂ 安全区硬门）
 - 截图证据：每批美术产出附同批 `buildSha256` 的实机截图 manifest（判例 v13-shots）
