# F-03 色源定稿后复跑 · 冒烟（含粒子上屏差分）· 2026-10-04T03:16:47Z
$ node tools/smoke.mjs
[smoke] 静态服务 http://127.0.0.1:53007/
[smoke] viewport=390x844 throttle=4x（spec numeric.perf.j1.device）
[smoke] 浏览器可开：页面加载完成
[smoke] 游戏就绪 __G2_READY=true
[smoke] 盘面 64 格满员
[smoke] 手1（首消+提示）: score 0 → 160（chain 1） J1=186.59999999403954ms
[smoke] 手2（连击路径）: score 160 → 240（chain 2） J1=178.2999999821186ms
[smoke] 消除粒子上屏 ✓（drawn=8 · 存活帧命中 8/8 · 消亡后复采 0）
[smoke] J1 实测 176.09999999403954ms / 预算 400ms（达标）
[smoke] J1 证据 → tests/contract/.j1-evidence.json
[smoke] 重开全复位 ✓（score=0 status=playing）
[smoke] level-2 入口可达 ✓（HUD 目标「升温局 · 20 手内打出 3 连击」= spec goal 现读）
[smoke] level-2 手1（可玩性）: score 0 → 160（chain 1） J1=175.40000000596046ms
[smoke] level-1/level-2 切换回路 ✓
[smoke] SW 注册受理 ✓ scope=http://127.0.0.1:53007/
[smoke] PWA Service Worker 激活 ✓（registrations=1）
[smoke] manifest 可达 ✓
[smoke] 控制台零错误 ✓
SMOKE: PASS 浏览器可开 + 核心循环可玩 + PWA 就绪（J1 证据已落档）
EXIT=0
--- tree after smoke:
 M assets/feel/particle-pack.json
 M tests/contract/.j1-evidence.json
 M tools/gen-feel-pack.mjs
