# cmd: G2_SPEC_PATH=<本run>/design-spec.json G2_REPO_ONE_ROOT=<本run> node tools/smoke.mjs
# gitRef: 2a5d4809fc579000f5594bc8206a43293960b98d
# at: 2026-10-03T02:14:30Z
---
[smoke] 静态服务 http://127.0.0.1:56154/
[smoke] viewport=390x844 throttle=4x（spec numeric.perf.j1.device）
[smoke] 浏览器可开：页面加载完成
[smoke] 游戏就绪 __G2_READY=true
[smoke] 盘面 64 格满员
[smoke] 手1（首消+提示）: score 0 → 160（chain 1） J1=186ms
[smoke] 手2（连击路径）: score 160 → 240（chain 2） J1=171.09999999403954ms
[smoke] J1 实测 171.09999999403954ms / 预算 400ms（达标）
[smoke] J1 证据 → tests/contract/.j1-evidence.json
[smoke] 重开全复位 ✓（score=0 status=playing）
[smoke] level-2 入口可达 ✓（HUD 目标「升温局 · 20 手内打出 3 连击」= spec goal 现读）
[smoke] level-2 手1（可玩性）: score 0 → 160（chain 1） J1=168.6000000089407ms
[smoke] level-1/level-2 切换回路 ✓
[smoke] SW 注册受理 ✓ scope=http://127.0.0.1:56154/
[smoke] PWA Service Worker 激活 ✓（registrations=1）
[smoke] manifest 可达 ✓
[smoke] 控制台零错误 ✓
SMOKE: PASS 浏览器可开 + 核心循环可玩 + PWA 就绪（J1 证据已落档）
EXIT=0
