# 全量门禁 @ 368d242（2026-09-23 22:59:44）—— 美术批三 368d242 屏幕后处理


Node.js v26.7.0

== singlefile.contract.mjs
CONTRACT: PASS 单文件零外部资源约束成立
== kernel-determinism.spec.mjs
CONTRACT: PASS 内核确定性成立
== combat.spec.mjs
CONTRACT: PASS 武器数值与 spec.numeric 一致
== wave.spec.mjs
CONTRACT: PASS 波次确定性递增成立
== qa-audit.mjs
QA-AUDIT: PASS 五道互查关全过

== tools/smoke.mjs
  PASS  页面打开且冒烟钩子产出结果 — {"ok":true,"score":0,"kills":0,"wave":1,"hp":100,"over":false,"time":8,"shotsFired":0,"shotsHit":0,"drawCalls":9,"triang
  PASS  渲染管线出画 — drawCalls=9 triangles=2700
  PASS  核心循环推进（内核固定步长累计） — time 8.98s → 10.25s
  PASS  开火链路取证（?fire= 驱动扳机 → 射击计数） — shotsFired=17 shotsHit=0 headshots=0
  PASS  血量归零进入结算态 — {"state":"gameover","over":true}
  PASS  replayHooks 落账 localStorage — {"highScore":0,"waveStreak":1}
  PASS  标题屏回显最高分（spec.content.replayHooks） — 最高 0 · 上次 第 1 波
  PASS  零未捕获异常 — 0 个
SMOKE: PASS 打开即玩 + 核心循环可玩

== scripts/contract-check.mjs（补跑：首跑因日志脚本变量未展开误记 Node 报错，此处为修正记录）

Node.js v26.7.0
  —— 合计 71 PASS / 0 FAIL ——
  CONTRACT: PASS 实现与 approved 策划案一致
