# 终验实跑 2026-09-23 22:20:46 · 游戏工程提交 = 56a6d58（工作区干净，门禁侧修复已含于该提交）
# 本日志文件为该提交之后唯一新增内容（docs 提交），游戏工程 src/ assets/ tools/ tests/ 与 56a6d58 完全一致，可 git diff 56a6d58 核对

## 0) 基线
HEAD: 56a6d58 fix(games): 门禁侧驳回修复 —— SRC_SHA 指
SRC_SHA: SRC_SHA=2a98f7be7fbe2c2b（范围 src + assets + index.template.html + tools/build.mjs + tools/src-sha.mjs）

## 1) game-contract
—— 合计 71 PASS / 0 FAIL ——
CONTRACT: PASS 实现与 approved 策划案一致

## 2) ac-1~ac-4 / ac-6
CONTRACT: PASS 单文件零外部资源约束成立
CONTRACT: PASS 内核确定性成立
CONTRACT: PASS 武器数值与 spec.numeric 一致
CONTRACT: PASS 波次确定性递增成立
QA-AUDIT: PASS 五道互查关全过

## 3) 真浏览器冒烟
  PASS  页面打开且冒烟钩子产出结果 — {"ok":true,"score":0,"kills":0,"wave":1,"hp":100,"over":false,"time":8,"shotsFired":0,"shotsHit":0,"drawCalls":9,"triang
  PASS  渲染管线出画 — drawCalls=9 triangles=2700
  PASS  核心循环推进（内核固定步长累计） — time 9.05s → 10.30s
  PASS  血量归零进入结算态 — {"state":"gameover","over":true}
  PASS  replayHooks 落账 localStorage — {"highScore":0,"waveStreak":1}
  PASS  标题屏回显最高分（spec.content.replayHooks） — 最高 0 · 上次 第 1 波
  PASS  零未捕获异常 — 0 个
SMOKE: PASS 打开即玩 + 核心循环可玩
smoke-exit=0
