# 全量门禁实跑 2026-09-23 22:18:05 · 基线 HEAD=043e8ab（美术批 1e61157 之后的门禁侧补跑+修复）
# 本日志对应的未提交改动（提交后即 HEAD 内容）：门禁侧修复 = tests/qa-audit.mjs + tools/{src-sha,build,smoke}.mjs + src/levels/level-01-deck.js + src/render/map.js + assets/a01-textures.mjs + 产物 index.html 重建

## 0) 基线
HEAD: 043e8ab myrd: workflow auto-commit [skip ci]
SRC_SHA: SRC_SHA=2a98f7be7fbe2c2b（范围 src + assets + index.template.html + tools/build.mjs + tools/src-sha.mjs —— 覆盖美术批 assets/*.mjs 与模板）

## 1) game-contract
—— 合计 71 PASS / 0 FAIL ——
CONTRACT: PASS 实现与 approved 策划案一致

## 2) ac-1~ac-4 / ac-6
CONTRACT: PASS 单文件零外部资源约束成立
CONTRACT: PASS 内核确定性成立
CONTRACT: PASS 武器数值与 spec.numeric 一致
CONTRACT: PASS 波次确定性递增成立
QA-AUDIT: PASS 五道互查关全过

## 3) 真浏览器冒烟（CDP，双截图存证）
  PASS  页面打开且冒烟钩子产出结果 — {"ok":true,"score":0,"kills":0,"wave":1,"hp":100,"over":false,"time":8,"shotsFired":0,"shotsHit":0,"drawCalls":9,"triang
  PASS  渲染管线出画 — drawCalls=9 triangles=2700
  PASS  核心循环推进（内核固定步长累计） — time 9.02s → 10.25s
  PASS  游戏内截图存证 — /Users/leo/.myrd/workspaces/cmto0g28j0002m9sqnvjdy8o7/run-cmudz5fa0003km9y33vdf7ilg/.myrd/blackboard/gate-logs/transport-ship-3d/smoke-ingame-post-gatefix.png
  PASS  血量归零进入结算态 — {"state":"gameover","over":true}
  PASS  replayHooks 落账 localStorage — {"highScore":0,"waveStreak":1}
  PASS  标题屏回显最高分（spec.content.replayHooks） — 最高 0 · 上次 第 1 波
  PASS  零未捕获异常 — 0 个
  PASS  截图存证 — /Users/leo/.myrd/workspaces/cmto0g28j0002m9sqnvjdy8o7/run-cmudz5fa0003km9y33vdf7ilg/.myrd/blackboard/gate-logs/transport-ship-3d/smoke-title-post-gatefix.png
SMOKE: PASS 打开即玩 + 核心循环可玩
smoke-exit=0

## 4) 驳回点④ 负向验证（新双向断言对旧实现 1e61157 会红）
1e61157(美术批): code=13 spec=11 私加=[lvl-01-deck/container-a-2,lvl-01-deck/container-b-2] 漏=[] → FAIL(被打回)
当前工作区: code=11 spec=11 私加=[] 漏=[] → PASS
